main.c:89:5:main	8	static
main.c:161:6:SystemClock_Config	88	static
main.c:206:13:MX_I2C1_Init	8	static
main.c:240:13:MX_USART2_UART_Init	8	static
main.c:273:13:MX_GPIO_Init	48	static
main.c:302:6:writerom	24	static
main.c:308:6:Readrom	24	static
main.c:314:6:WriteioEx	24	static
main.c:319:6:ReadioEx	24	static
main.c:336:6:EEPROMWriteExample	16	static
main.c:347:6:EEPROMReadExample	24	static
main.c:354:6:IOExpenderInit	24	static
main.c:361:6:IOExpenderReadPinA	24	static
main.c:367:6:IOExpenderWritePinB	24	static
main.c:381:6:Error_Handler	4	static,ignoring_inline_asm
